C51 COMPILER V9.52.0.0   TRAFFIC                                                           02/05/2018 10:42:51 PAGE 1   


C51 COMPILER V9.52.0.0, COMPILATION OF MODULE TRAFFIC
OBJECT MODULE PLACED IN traffic.OBJ
COMPILER INVOKED BY: C:\Keil\C51\BIN\C51.EXE traffic.c BROWSE DEBUG OBJECTEXTEND TABS(2)

line level    source

   1          #include<regx51.h>
   2          sbit a=P2^0;
   3          sbit b=P2^4;
   4          sbit c=P2^7;
   5          void delay();
   6          void main()
   7          {
   8   1      while(1)
   9   1      {
  10   2      a=1;
  11   2      b=0;
  12   2      c=0;
  13   2      delay();
  14   2      a=0;
  15   2      b=1;
  16   2      c=0;
  17   2      delay();
  18   2      a=0;
  19   2      b=0;
  20   2      c=1;
  21   2      delay();  
  22   2      }
  23   1      }
  24          void delay()
  25          {
  26   1        int i,j;
  27   1        for(i=0;i<1000;i++)
  28   1        for(j=0;j<1000;j++);
  29   1      }


MODULE INFORMATION:   STATIC OVERLAYABLE
   CODE SIZE        =     58    ----
   CONSTANT SIZE    =   ----    ----
   XDATA SIZE       =   ----    ----
   PDATA SIZE       =   ----    ----
   DATA SIZE        =   ----    ----
   IDATA SIZE       =   ----    ----
   BIT SIZE         =   ----    ----
END OF MODULE INFORMATION.


C51 COMPILATION COMPLETE.  0 WARNING(S),  0 ERROR(S)
